2026-08-01 20:30
Flipkart
SanDisk Cruzer Blade 32 GB Pen Drive Compatible with Laptop, Desk...more
Out of Stock

2026-08-01 20:31
Amazon
Organic Synthesis (Reaction Mechanisms and Reagents)
In Stock

2026-08-01 20:31
Flipkart
SanDisk Cruzer Blade 32 GB Pen Drive Compatible with Laptop, Desk...more
Out of Stock

2026-08-01 20:40
Amazon
Organic Synthesis (Reaction Mechanisms and Reagents)
In Stock

2026-08-01 20:40
Flipkart
SanDisk Cruzer Blade 32GB Pen Drive
Out of Stock

